run dir:                experiments/davi-2x2/davi-baseline/runs/baseline-30k
device:                 mps
params:                 13.21M
body_widths:            (4096, 1024)
n_residual_blocks:      4
normalization:          bn
batch_size:             4096
max_scramble_depth:     18
target_sync_interval:   500
learning_rate:          0.001
n_steps:                30000
eval_set:               experiments/davi-2x2/eval_set.npz (1400 states)

step     100/30000  loss 0.1632  step 218.3 ms
step     200/30000  loss 0.1404  step 219.3 ms
step     300/30000  loss 0.1321  step 225.2 ms
step     400/30000  loss 0.1390  step 221.9 ms
step     500/30000  loss 0.1352  step 218.7 ms
step     600/30000  loss 0.0142  step 217.5 ms
step     700/30000  loss 0.0119  step 218.6 ms
step     800/30000  loss 0.0106  step 219.4 ms
step     900/30000  loss 0.0095  step 218.9 ms
step    1000/30000  loss 0.0094  step 219.2 ms
  eval @ step    1000  macro_mae 7.1037  val_mae 7.1037  pred_std 0.189  solve: d1=1.00 d11=0.02 d13=0.00 d3=0.20 d5=0.06 d7=0.02 d9=0.00
step    1100/30000  loss 0.0074  step 218.9 ms
step    1200/30000  loss 0.0058  step 219.5 ms
step    1300/30000  loss 0.0053  step 218.8 ms
step    1400/30000  loss 0.0050  step 220.4 ms
step    1500/30000  loss 0.0048  step 219.6 ms
step    1600/30000  loss 0.0081  step 218.8 ms
step    1700/30000  loss 0.0057  step 219.4 ms
step    1800/30000  loss 0.0046  step 219.0 ms
step    1900/30000  loss 0.0040  step 219.2 ms
step    2000/30000  loss 0.0050  step 218.9 ms
  eval @ step    2000  macro_mae 5.5657  val_mae 5.5657  pred_std 0.283  solve: d1=1.00 d11=0.18 d13=0.02 d3=0.98 d5=0.84 d7=0.50 d9=0.36
step    2100/30000  loss 0.0110  step 218.7 ms
step    2200/30000  loss 0.0085  step 218.1 ms
step    2300/30000  loss 0.0065  step 218.5 ms
step    2400/30000  loss 0.0060  step 218.3 ms
step    2500/30000  loss 0.0057  step 218.9 ms
step    2600/30000  loss 0.0159  step 218.2 ms
step    2700/30000  loss 0.0125  step 218.0 ms
step    2800/30000  loss 0.0122  step 218.2 ms
step    2900/30000  loss 0.0120  step 218.7 ms
step    3000/30000  loss 0.0126  step 218.0 ms
  eval @ step    3000  macro_mae 4.2704  val_mae 4.2704  pred_std 0.823  solve: d1=1.00 d11=0.30 d13=0.16 d3=1.00 d5=0.84 d7=0.60 d9=0.40
step    3100/30000  loss 0.0271  step 218.1 ms
step    3200/30000  loss 0.0205  step 218.8 ms
step    3300/30000  loss 0.0206  step 218.4 ms
step    3400/30000  loss 0.0228  step 218.4 ms
step    3500/30000  loss 0.0168  step 217.7 ms
step    3600/30000  loss 0.0517  step 218.1 ms
step    3700/30000  loss 0.0441  step 217.8 ms
step    3800/30000  loss 0.0374  step 217.8 ms
step    3900/30000  loss 0.0356  step 218.1 ms
step    4000/30000  loss 0.0310  step 218.2 ms
  eval @ step    4000  macro_mae 3.6476  val_mae 3.6476  pred_std 1.290  solve: d1=1.00 d11=0.42 d13=0.18 d3=1.00 d5=1.00 d7=0.72 d9=0.40
step    4100/30000  loss 0.0669  step 218.2 ms
step    4200/30000  loss 0.0568  step 217.9 ms
step    4300/30000  loss 0.0556  step 217.8 ms
step    4400/30000  loss 0.0511  step 217.8 ms
step    4500/30000  loss 0.0454  step 217.7 ms
step    4600/30000  loss 0.0612  step 218.0 ms
step    4700/30000  loss 0.0560  step 218.1 ms
step    4800/30000  loss 0.0536  step 217.9 ms
step    4900/30000  loss 0.0535  step 218.4 ms
step    5000/30000  loss 0.0508  step 217.5 ms
  eval @ step    5000  macro_mae 3.5256  val_mae 3.5256  pred_std 1.287  solve: d1=1.00 d11=0.46 d13=0.28 d3=1.00 d5=1.00 d7=0.80 d9=0.48
step    5100/30000  loss 0.0453  step 219.7 ms
step    5200/30000  loss 0.0447  step 217.9 ms
step    5300/30000  loss 0.0413  step 218.1 ms
step    5400/30000  loss 0.0382  step 218.2 ms
step    5500/30000  loss 0.0426  step 219.5 ms
step    5600/30000  loss 0.0395  step 217.9 ms
step    5700/30000  loss 0.0344  step 218.3 ms
step    5800/30000  loss 0.0360  step 218.1 ms
step    5900/30000  loss 0.0380  step 218.1 ms
step    6000/30000  loss 0.0368  step 217.8 ms
  eval @ step    6000  macro_mae 3.4456  val_mae 3.4456  pred_std 1.325  solve: d1=1.00 d11=0.40 d13=0.40 d3=1.00 d5=0.96 d7=0.80 d9=0.66
step    6100/30000  loss 0.0396  step 218.3 ms
step    6200/30000  loss 0.0450  step 218.1 ms
step    6300/30000  loss 0.0398  step 217.9 ms
step    6400/30000  loss 0.0410  step 217.9 ms
step    6500/30000  loss 0.0368  step 218.2 ms
step    6600/30000  loss 0.0508  step 220.4 ms
step    6700/30000  loss 0.0492  step 218.5 ms
step    6800/30000  loss 0.0432  step 218.3 ms
step    6900/30000  loss 0.0451  step 218.2 ms
step    7000/30000  loss 0.0407  step 217.8 ms
  eval @ step    7000  macro_mae 3.2982  val_mae 3.2982  pred_std 1.405  solve: d1=1.00 d11=0.38 d13=0.30 d3=1.00 d5=1.00 d7=0.92 d9=0.60
step    7100/30000  loss 0.0529  step 218.0 ms
step    7200/30000  loss 0.0514  step 217.3 ms
step    7300/30000  loss 0.0465  step 218.2 ms
step    7400/30000  loss 0.0488  step 218.2 ms
step    7500/30000  loss 0.0446  step 219.0 ms
step    7600/30000  loss 0.0465  step 217.1 ms
step    7700/30000  loss 0.0467  step 218.9 ms
step    7800/30000  loss 0.0426  step 217.6 ms
step    7900/30000  loss 0.0407  step 217.9 ms
step    8000/30000  loss 0.0393  step 218.0 ms
  eval @ step    8000  macro_mae 3.2600  val_mae 3.2600  pred_std 1.436  solve: d1=1.00 d11=0.38 d13=0.32 d3=0.98 d5=0.92 d7=0.80 d9=0.60
step    8100/30000  loss 0.0534  step 218.4 ms
step    8200/30000  loss 0.0447  step 219.9 ms
step    8300/30000  loss 0.0430  step 218.1 ms
step    8400/30000  loss 0.0454  step 218.2 ms
step    8500/30000  loss 0.0416  step 217.8 ms
step    8600/30000  loss 0.0588  step 218.0 ms
step    8700/30000  loss 0.0626  step 218.5 ms
step    8800/30000  loss 0.0540  step 218.2 ms
step    8900/30000  loss 0.0491  step 217.9 ms
step    9000/30000  loss 0.0501  step 218.4 ms
  eval @ step    9000  macro_mae 3.1166  val_mae 3.1166  pred_std 1.507  solve: d1=1.00 d11=0.42 d13=0.30 d3=1.00 d5=0.88 d7=0.82 d9=0.58
step    9100/30000  loss 0.0641  step 218.4 ms
step    9200/30000  loss 0.0534  step 219.0 ms
step    9300/30000  loss 0.0518  step 217.6 ms
step    9400/30000  loss 0.0487  step 218.1 ms
step    9500/30000  loss 0.0497  step 218.3 ms
step    9600/30000  loss 0.0615  step 218.1 ms
step    9700/30000  loss 0.0526  step 217.7 ms
step    9800/30000  loss 0.0499  step 217.8 ms
step    9900/30000  loss 0.0470  step 218.1 ms
step   10000/30000  loss 0.0445  step 218.4 ms
  eval @ step   10000  macro_mae 3.1046  val_mae 3.1046  pred_std 1.540  solve: d1=1.00 d11=0.44 d13=0.44 d3=1.00 d5=0.98 d7=0.88 d9=0.50
step   10100/30000  loss 0.0474  step 218.3 ms
step   10200/30000  loss 0.0439  step 218.4 ms
step   10300/30000  loss 0.0406  step 218.3 ms
step   10400/30000  loss 0.0395  step 219.4 ms
step   10500/30000  loss 0.0409  step 218.3 ms
step   10600/30000  loss 0.0388  step 218.5 ms
step   10700/30000  loss 0.0361  step 218.1 ms
step   10800/30000  loss 0.0372  step 219.2 ms
step   10900/30000  loss 0.0324  step 218.1 ms
step   11000/30000  loss 0.0352  step 218.4 ms
  eval @ step   11000  macro_mae 3.1913  val_mae 3.1913  pred_std 1.494  solve: d1=1.00 d11=0.28 d13=0.22 d3=1.00 d5=1.00 d7=0.90 d9=0.58
step   11100/30000  loss 0.0407  step 218.4 ms
step   11200/30000  loss 0.0369  step 217.8 ms
step   11300/30000  loss 0.0385  step 217.8 ms
step   11400/30000  loss 0.0407  step 217.9 ms
step   11500/30000  loss 0.0352  step 218.7 ms
step   11600/30000  loss 0.0350  step 217.5 ms
step   11700/30000  loss 0.0355  step 218.0 ms
step   11800/30000  loss 0.0350  step 218.0 ms
step   11900/30000  loss 0.0334  step 218.1 ms
step   12000/30000  loss 0.0311  step 217.8 ms
  eval @ step   12000  macro_mae 3.2358  val_mae 3.2358  pred_std 1.422  solve: d1=1.00 d11=0.42 d13=0.40 d3=1.00 d5=1.00 d7=0.88 d9=0.68
step   12100/30000  loss 0.0291  step 217.9 ms
step   12200/30000  loss 0.0306  step 217.9 ms
step   12300/30000  loss 0.0316  step 217.7 ms
step   12400/30000  loss 0.0267  step 218.3 ms
step   12500/30000  loss 0.0314  step 217.8 ms
step   12600/30000  loss 0.0278  step 217.6 ms
step   12700/30000  loss 0.0257  step 218.4 ms
step   12800/30000  loss 0.0258  step 218.1 ms
step   12900/30000  loss 0.0272  step 218.7 ms
step   13000/30000  loss 0.0252  step 218.3 ms
  eval @ step   13000  macro_mae 3.2367  val_mae 3.2367  pred_std 1.457  solve: d1=1.00 d11=0.42 d13=0.28 d3=1.00 d5=1.00 d7=0.84 d9=0.56
step   13100/30000  loss 0.0308  step 218.2 ms
step   13200/30000  loss 0.0272  step 220.8 ms
step   13300/30000  loss 0.0284  step 221.1 ms
step   13400/30000  loss 0.0285  step 220.3 ms
step   13500/30000  loss 0.0261  step 221.4 ms
step   13600/30000  loss 0.0321  step 217.9 ms
step   13700/30000  loss 0.0380  step 218.2 ms
step   13800/30000  loss 0.0337  step 218.4 ms
step   13900/30000  loss 0.0301  step 218.0 ms
step   14000/30000  loss 0.0285  step 221.2 ms
  eval @ step   14000  macro_mae 3.2514  val_mae 3.2514  pred_std 1.376  solve: d1=1.00 d11=0.26 d13=0.26 d3=1.00 d5=0.96 d7=0.80 d9=0.52
step   14100/30000  loss 0.0274  step 220.9 ms
step   14200/30000  loss 0.0270  step 223.0 ms
step   14300/30000  loss 0.0273  step 217.8 ms
step   14400/30000  loss 0.0263  step 217.7 ms
step   14500/30000  loss 0.0262  step 218.8 ms
step   14600/30000  loss 0.0236  step 218.2 ms
step   14700/30000  loss 0.0218  step 217.4 ms
step   14800/30000  loss 0.0233  step 218.6 ms
step   14900/30000  loss 0.0224  step 218.0 ms
step   15000/30000  loss 0.0227  step 218.0 ms
  eval @ step   15000  macro_mae 3.2590  val_mae 3.2590  pred_std 1.357  solve: d1=1.00 d11=0.40 d13=0.20 d3=1.00 d5=1.00 d7=0.78 d9=0.56
step   15100/30000  loss 0.0228  step 218.5 ms
step   15200/30000  loss 0.0212  step 218.3 ms
step   15300/30000  loss 0.0206  step 218.3 ms
step   15400/30000  loss 0.0179  step 219.1 ms
step   15500/30000  loss 0.0193  step 218.0 ms
step   15600/30000  loss 0.0322  step 218.1 ms
step   15700/30000  loss 0.0299  step 217.8 ms
step   15800/30000  loss 0.0297  step 218.0 ms
step   15900/30000  loss 0.0267  step 217.9 ms
step   16000/30000  loss 0.0262  step 218.2 ms
  eval @ step   16000  macro_mae 3.1764  val_mae 3.1764  pred_std 1.454  solve: d1=1.00 d11=0.30 d13=0.32 d3=1.00 d5=1.00 d7=0.80 d9=0.50
step   16100/30000  loss 0.0397  step 217.8 ms
step   16200/30000  loss 0.0375  step 219.3 ms
step   16300/30000  loss 0.0367  step 218.9 ms
step   16400/30000  loss 0.0344  step 217.6 ms
step   16500/30000  loss 0.0338  step 217.9 ms
step   16600/30000  loss 0.0325  step 218.6 ms
step   16700/30000  loss 0.0299  step 217.4 ms
step   16800/30000  loss 0.0288  step 218.6 ms
step   16900/30000  loss 0.0350  step 219.3 ms
step   17000/30000  loss 0.0288  step 217.7 ms
  eval @ step   17000  macro_mae 3.2712  val_mae 3.2712  pred_std 1.356  solve: d1=1.00 d11=0.46 d13=0.20 d3=1.00 d5=0.94 d7=0.74 d9=0.60
step   17100/30000  loss 0.0335  step 218.6 ms
step   17200/30000  loss 0.0309  step 217.6 ms
step   17300/30000  loss 0.0273  step 220.3 ms
step   17400/30000  loss 0.0234  step 218.4 ms
step   17500/30000  loss 0.0233  step 217.6 ms
step   17600/30000  loss 0.0337  step 218.3 ms
step   17700/30000  loss 0.0304  step 218.6 ms
step   17800/30000  loss 0.0302  step 218.7 ms
step   17900/30000  loss 0.0275  step 218.3 ms
step   18000/30000  loss 0.0233  step 218.1 ms
  eval @ step   18000  macro_mae 3.2326  val_mae 3.2326  pred_std 1.429  solve: d1=1.00 d11=0.34 d13=0.18 d3=1.00 d5=0.96 d7=0.82 d9=0.74
step   18100/30000  loss 0.0424  step 217.6 ms
step   18200/30000  loss 0.0392  step 218.0 ms
step   18300/30000  loss 0.0366  step 219.9 ms
step   18400/30000  loss 0.0352  step 218.0 ms
step   18500/30000  loss 0.0335  step 218.2 ms
step   18600/30000  loss 0.0417  step 218.0 ms
step   18700/30000  loss 0.0382  step 218.0 ms
step   18800/30000  loss 0.0333  step 217.7 ms
step   18900/30000  loss 0.0322  step 217.8 ms
step   19000/30000  loss 0.0332  step 218.0 ms
  eval @ step   19000  macro_mae 3.2619  val_mae 3.2619  pred_std 1.397  solve: d1=1.00 d11=0.24 d13=0.24 d3=1.00 d5=0.92 d7=0.82 d9=0.62
step   19100/30000  loss 0.0412  step 218.1 ms
step   19200/30000  loss 0.0370  step 217.9 ms
step   19300/30000  loss 0.0350  step 218.8 ms
step   19400/30000  loss 0.0345  step 217.5 ms
step   19500/30000  loss 0.0341  step 218.0 ms
step   19600/30000  loss 0.0372  step 218.1 ms
step   19700/30000  loss 0.0285  step 218.1 ms
step   19800/30000  loss 0.0272  step 218.2 ms
step   19900/30000  loss 0.0285  step 217.8 ms
step   20000/30000  loss 0.0259  step 219.2 ms
  eval @ step   20000  macro_mae 3.2778  val_mae 3.2778  pred_std 1.332  solve: d1=1.00 d11=0.34 d13=0.20 d3=1.00 d5=1.00 d7=0.82 d9=0.46
step   20100/30000  loss 0.0224  step 217.7 ms
step   20200/30000  loss 0.0220  step 218.3 ms
step   20300/30000  loss 0.0203  step 219.7 ms
step   20400/30000  loss 0.0215  step 217.9 ms
step   20500/30000  loss 0.0204  step 218.3 ms
step   20600/30000  loss 0.0280  step 218.6 ms
step   20700/30000  loss 0.0267  step 218.3 ms
step   20800/30000  loss 0.0231  step 218.8 ms
step   20900/30000  loss 0.0227  step 217.6 ms
step   21000/30000  loss 0.0219  step 218.8 ms
  eval @ step   21000  macro_mae 3.1078  val_mae 3.1078  pred_std 1.396  solve: d1=1.00 d11=0.30 d13=0.30 d3=1.00 d5=0.96 d7=0.90 d9=0.52
step   21100/30000  loss 0.0389  step 217.6 ms
step   21200/30000  loss 0.0336  step 217.9 ms
step   21300/30000  loss 0.0341  step 219.8 ms
step   21400/30000  loss 0.0319  step 218.3 ms
step   21500/30000  loss 0.0330  step 217.0 ms
step   21600/30000  loss 0.0298  step 218.0 ms
step   21700/30000  loss 0.0318  step 217.6 ms
step   21800/30000  loss 0.0297  step 217.7 ms
step   21900/30000  loss 0.0265  step 217.6 ms
step   22000/30000  loss 0.0290  step 218.7 ms
  eval @ step   22000  macro_mae 3.1085  val_mae 3.1085  pred_std 1.400  solve: d1=1.00 d11=0.38 d13=0.32 d3=1.00 d5=1.00 d7=0.74 d9=0.54
step   22100/30000  loss 0.0261  step 218.2 ms
step   22200/30000  loss 0.0238  step 217.5 ms
step   22300/30000  loss 0.0225  step 218.1 ms
step   22400/30000  loss 0.0224  step 218.3 ms
step   22500/30000  loss 0.0224  step 217.6 ms
step   22600/30000  loss 0.0289  step 218.0 ms
step   22700/30000  loss 0.0297  step 217.5 ms
step   22800/30000  loss 0.0265  step 217.3 ms
step   22900/30000  loss 0.0281  step 217.9 ms
step   23000/30000  loss 0.0268  step 218.7 ms
  eval @ step   23000  macro_mae 3.0704  val_mae 3.0704  pred_std 1.433  solve: d1=1.00 d11=0.32 d13=0.20 d3=1.00 d5=1.00 d7=0.90 d9=0.66
step   23100/30000  loss 0.0339  step 218.1 ms
step   23200/30000  loss 0.0319  step 218.5 ms
step   23300/30000  loss 0.0362  step 218.0 ms
step   23400/30000  loss 0.0339  step 218.2 ms
step   23500/30000  loss 0.0306  step 217.8 ms
step   23600/30000  loss 0.0309  step 218.2 ms
step   23700/30000  loss 0.0291  step 218.6 ms
step   23800/30000  loss 0.0283  step 218.1 ms
step   23900/30000  loss 0.0265  step 217.3 ms
step   24000/30000  loss 0.0289  step 217.7 ms
  eval @ step   24000  macro_mae 3.1130  val_mae 3.1130  pred_std 1.401  solve: d1=1.00 d11=0.32 d13=0.26 d3=1.00 d5=0.96 d7=0.90 d9=0.60
step   24100/30000  loss 0.0268  step 217.8 ms
step   24200/30000  loss 0.0247  step 218.2 ms
step   24300/30000  loss 0.0247  step 217.7 ms
step   24400/30000  loss 0.0252  step 217.9 ms
step   24500/30000  loss 0.0228  step 218.3 ms
step   24600/30000  loss 0.0299  step 218.1 ms
step   24700/30000  loss 0.0288  step 220.5 ms
step   24800/30000  loss 0.0270  step 218.0 ms
step   24900/30000  loss 0.0260  step 218.0 ms
step   25000/30000  loss 0.0271  step 217.6 ms
  eval @ step   25000  macro_mae 3.0921  val_mae 3.0921  pred_std 1.418  solve: d1=1.00 d11=0.30 d13=0.24 d3=1.00 d5=1.00 d7=0.86 d9=0.54
step   25100/30000  loss 0.0357  step 218.1 ms
step   25200/30000  loss 0.0320  step 219.7 ms
step   25300/30000  loss 0.0331  step 218.2 ms
step   25400/30000  loss 0.0305  step 218.1 ms
step   25500/30000  loss 0.0310  step 217.7 ms
step   25600/30000  loss 0.0259  step 218.4 ms
step   25700/30000  loss 0.0248  step 218.4 ms
step   25800/30000  loss 0.0243  step 220.9 ms
step   25900/30000  loss 0.0249  step 218.8 ms
step   26000/30000  loss 0.0227  step 218.6 ms
  eval @ step   26000  macro_mae 3.1682  val_mae 3.1682  pred_std 1.361  solve: d1=1.00 d11=0.40 d13=0.26 d3=1.00 d5=1.00 d7=0.70 d9=0.52
step   26100/30000  loss 0.0245  step 218.2 ms
step   26200/30000  loss 0.0221  step 217.8 ms
step   26300/30000  loss 0.0210  step 217.0 ms
step   26400/30000  loss 0.0203  step 217.8 ms
step   26500/30000  loss 0.0194  step 218.6 ms
step   26600/30000  loss 0.0256  step 217.6 ms
step   26700/30000  loss 0.0285  step 217.7 ms
step   26800/30000  loss 0.0232  step 218.2 ms
step   26900/30000  loss 0.0242  step 218.4 ms
step   27000/30000  loss 0.0222  step 218.4 ms
  eval @ step   27000  macro_mae 3.1224  val_mae 3.1224  pred_std 1.368  solve: d1=1.00 d11=0.44 d13=0.24 d3=1.00 d5=1.00 d7=0.88 d9=0.58
step   27100/30000  loss 0.0322  step 218.4 ms
step   27200/30000  loss 0.0326  step 218.4 ms
step   27300/30000  loss 0.0275  step 218.3 ms
step   27400/30000  loss 0.0319  step 217.5 ms
step   27500/30000  loss 0.0303  step 217.9 ms
step   27600/30000  loss 0.0249  step 218.2 ms
step   27700/30000  loss 0.0221  step 218.2 ms
step   27800/30000  loss 0.0240  step 218.6 ms
step   27900/30000  loss 0.0212  step 217.9 ms
step   28000/30000  loss 0.0218  step 218.5 ms
  eval @ step   28000  macro_mae 3.1588  val_mae 3.1588  pred_std 1.349  solve: d1=1.00 d11=0.46 d13=0.22 d3=1.00 d5=0.98 d7=0.80 d9=0.54
step   28100/30000  loss 0.0235  step 217.6 ms
step   28200/30000  loss 0.0218  step 218.5 ms
step   28300/30000  loss 0.0202  step 218.7 ms
step   28400/30000  loss 0.0211  step 218.2 ms
step   28500/30000  loss 0.0213  step 218.1 ms
step   28600/30000  loss 0.0222  step 218.0 ms
step   28700/30000  loss 0.0229  step 218.4 ms
step   28800/30000  loss 0.0223  step 218.1 ms
step   28900/30000  loss 0.0221  step 218.7 ms
step   29000/30000  loss 0.0219  step 218.1 ms
  eval @ step   29000  macro_mae 3.0900  val_mae 3.0900  pred_std 1.416  solve: d1=1.00 d11=0.38 d13=0.26 d3=1.00 d5=1.00 d7=0.88 d9=0.50
step   29100/30000  loss 0.0269  step 218.3 ms
step   29200/30000  loss 0.0270  step 220.6 ms
step   29300/30000  loss 0.0269  step 218.0 ms
step   29400/30000  loss 0.0261  step 217.6 ms
step   29500/30000  loss 0.0255  step 218.3 ms
step   29600/30000  loss 0.0286  step 217.9 ms
step   29700/30000  loss 0.0242  step 220.7 ms
step   29800/30000  loss 0.0256  step 221.6 ms
step   29900/30000  loss 0.0270  step 221.3 ms
step   30000/30000  loss 0.0234  step 220.9 ms
  eval @ step   30000  macro_mae 3.1315  val_mae 3.1315  pred_std 1.440  solve: d1=1.00 d11=0.42 d13=0.26 d3=1.00 d5=1.00 d7=0.86 d9=0.52

final macro_mae: 3.1315
final val_mae:   3.1315
final solve:     d1=1.00 d11=0.40 d13=0.20 d3=1.00 d5=1.00 d7=0.78 d9=0.74
done. metrics:   experiments/davi-2x2/davi-baseline/runs/baseline-30k/metrics.jsonl
