run dir:                experiments/davi-2x2/davi-baseline/runs/sweep_sync500_kmax20-30k
device:                 mps
params:                 13.21M
body_widths:            (4096, 1024)
n_residual_blocks:      4
normalization:          bn
batch_size:             4096
max_scramble_depth:     20
target_sync_interval:   500
learning_rate:          0.001
n_steps:                30000
eval_set:               experiments/davi-2x2/eval_set.npz (1400 states)

step     100/30000  loss 0.1554  step 222.1 ms
step     200/30000  loss 0.1520  step 221.2 ms
step     300/30000  loss 0.1442  step 221.5 ms
step     400/30000  loss 0.1401  step 222.2 ms
step     500/30000  loss 0.1401  step 222.8 ms
step     600/30000  loss 0.0131  step 221.9 ms
step     700/30000  loss 0.0118  step 221.3 ms
step     800/30000  loss 0.0105  step 221.5 ms
step     900/30000  loss 0.0114  step 221.9 ms
step    1000/30000  loss 0.0097  step 221.5 ms
  eval @ step    1000  macro_mae 7.1023  val_mae 7.1023  pred_std 0.194  solve: d1=1.00 d11=0.02 d13=0.00 d3=0.22 d5=0.02 d7=0.04 d9=0.02
step    1100/30000  loss 0.0077  step 222.4 ms
step    1200/30000  loss 0.0072  step 222.7 ms
step    1300/30000  loss 0.0055  step 222.4 ms
step    1400/30000  loss 0.0053  step 223.4 ms
step    1500/30000  loss 0.0053  step 223.3 ms
step    1600/30000  loss 0.0125  step 222.2 ms
step    1700/30000  loss 0.0073  step 223.7 ms
step    1800/30000  loss 0.0058  step 223.5 ms
step    1900/30000  loss 0.0060  step 223.1 ms
step    2000/30000  loss 0.0065  step 235.7 ms
  eval @ step    2000  macro_mae 5.5718  val_mae 5.5718  pred_std 0.412  solve: d1=1.00 d11=0.10 d13=0.02 d3=0.78 d5=0.46 d7=0.34 d9=0.22
step    2100/30000  loss 0.0288  step 222.5 ms
step    2200/30000  loss 0.0183  step 222.8 ms
step    2300/30000  loss 0.0137  step 223.4 ms
step    2400/30000  loss 0.0128  step 223.2 ms
step    2500/30000  loss 0.0115  step 222.2 ms
step    2600/30000  loss 0.0471  step 222.8 ms
step    2700/30000  loss 0.0388  step 223.5 ms
step    2800/30000  loss 0.0327  step 222.2 ms
step    2900/30000  loss 0.0311  step 222.3 ms
step    3000/30000  loss 0.0282  step 222.0 ms
  eval @ step    3000  macro_mae 4.4272  val_mae 4.4272  pred_std 0.853  solve: d1=1.00 d11=0.24 d13=0.14 d3=1.00 d5=0.82 d7=0.66 d9=0.38
step    3100/30000  loss 0.0455  step 239.4 ms
step    3200/30000  loss 0.0413  step 222.1 ms
step    3300/30000  loss 0.0370  step 221.4 ms
step    3400/30000  loss 0.0366  step 222.3 ms
step    3500/30000  loss 0.0318  step 221.1 ms
step    3600/30000  loss 0.0439  step 221.4 ms
step    3700/30000  loss 0.0381  step 221.4 ms
step    3800/30000  loss 0.0360  step 221.1 ms
step    3900/30000  loss 0.0336  step 221.6 ms
step    4000/30000  loss 0.0314  step 223.2 ms
  eval @ step    4000  macro_mae 3.9149  val_mae 3.9149  pred_std 1.129  solve: d1=1.00 d11=0.30 d13=0.26 d3=1.00 d5=0.96 d7=0.72 d9=0.42
step    4100/30000  loss 0.0385  step 221.9 ms
step    4200/30000  loss 0.0399  step 222.0 ms
step    4300/30000  loss 0.0328  step 223.2 ms
step    4400/30000  loss 0.0313  step 222.6 ms
step    4500/30000  loss 0.0289  step 221.6 ms
step    4600/30000  loss 0.0391  step 222.4 ms
step    4700/30000  loss 0.0373  step 221.0 ms
step    4800/30000  loss 0.0393  step 222.0 ms
step    4900/30000  loss 0.0334  step 221.2 ms
step    5000/30000  loss 0.0317  step 221.4 ms
  eval @ step    5000  macro_mae 3.5729  val_mae 3.5729  pred_std 1.219  solve: d1=1.00 d11=0.46 d13=0.28 d3=1.00 d5=1.00 d7=0.82 d9=0.52
step    5100/30000  loss 0.0413  step 223.0 ms
step    5200/30000  loss 0.0406  step 225.5 ms
step    5300/30000  loss 0.0366  step 221.2 ms
step    5400/30000  loss 0.0366  step 221.8 ms
step    5500/30000  loss 0.0364  step 221.5 ms
step    5600/30000  loss 0.0464  step 224.0 ms
step    5700/30000  loss 0.0460  step 224.3 ms
step    5800/30000  loss 0.0433  step 223.3 ms
step    5900/30000  loss 0.0399  step 224.1 ms
step    6000/30000  loss 0.0370  step 224.5 ms
  eval @ step    6000  macro_mae 3.2757  val_mae 3.2757  pred_std 1.342  solve: d1=1.00 d11=0.52 d13=0.46 d3=1.00 d5=1.00 d7=0.88 d9=0.66
step    6100/30000  loss 0.0544  step 224.4 ms
step    6200/30000  loss 0.0515  step 224.4 ms
step    6300/30000  loss 0.0511  step 224.0 ms
step    6400/30000  loss 0.0512  step 224.2 ms
step    6500/30000  loss 0.0457  step 223.9 ms
step    6600/30000  loss 0.0612  step 221.6 ms
step    6700/30000  loss 0.0610  step 221.5 ms
step    6800/30000  loss 0.0543  step 220.8 ms
step    6900/30000  loss 0.0505  step 221.0 ms
step    7000/30000  loss 0.0513  step 221.0 ms
  eval @ step    7000  macro_mae 3.1067  val_mae 3.1067  pred_std 1.633  solve: d1=1.00 d11=0.42 d13=0.34 d3=1.00 d5=1.00 d7=0.92 d9=0.70
step    7100/30000  loss 0.0770  step 221.0 ms
step    7200/30000  loss 0.0669  step 221.2 ms
step    7300/30000  loss 0.0654  step 223.1 ms
step    7400/30000  loss 0.0638  step 221.1 ms
step    7500/30000  loss 0.0627  step 221.2 ms
step    7600/30000  loss 0.1010  step 220.6 ms
step    7700/30000  loss 0.0798  step 220.8 ms
step    7800/30000  loss 0.0744  step 222.0 ms
step    7900/30000  loss 0.0722  step 222.0 ms
step    8000/30000  loss 0.0719  step 221.1 ms
  eval @ step    8000  macro_mae 3.0036  val_mae 3.0036  pred_std 1.669  solve: d1=1.00 d11=0.50 d13=0.26 d3=1.00 d5=0.90 d7=0.80 d9=0.64
step    8100/30000  loss 0.1038  step 220.5 ms
step    8200/30000  loss 0.0935  step 220.6 ms
step    8300/30000  loss 0.0870  step 220.7 ms
step    8400/30000  loss 0.0882  step 223.3 ms
step    8500/30000  loss 0.0806  step 221.8 ms
step    8600/30000  loss 0.0716  step 223.3 ms
step    8700/30000  loss 0.0704  step 221.8 ms
step    8800/30000  loss 0.0654  step 221.4 ms
step    8900/30000  loss 0.0668  step 224.9 ms
step    9000/30000  loss 0.0666  step 222.7 ms
  eval @ step    9000  macro_mae 3.1595  val_mae 3.1595  pred_std 1.583  solve: d1=1.00 d11=0.52 d13=0.36 d3=1.00 d5=0.98 d7=0.90 d9=0.70
step    9100/30000  loss 0.0573  step 222.7 ms
step    9200/30000  loss 0.0478  step 221.3 ms
step    9300/30000  loss 0.0466  step 220.3 ms
step    9400/30000  loss 0.0454  step 221.8 ms
step    9500/30000  loss 0.0434  step 222.3 ms
step    9600/30000  loss 0.0613  step 221.2 ms
step    9700/30000  loss 0.0547  step 220.6 ms
step    9800/30000  loss 0.0562  step 220.3 ms
step    9900/30000  loss 0.0527  step 219.8 ms
step   10000/30000  loss 0.0527  step 221.9 ms
  eval @ step   10000  macro_mae 3.1341  val_mae 3.1341  pred_std 1.614  solve: d1=1.00 d11=0.52 d13=0.42 d3=1.00 d5=1.00 d7=0.86 d9=0.58
step   10100/30000  loss 0.0668  step 221.2 ms
step   10200/30000  loss 0.0626  step 223.4 ms
step   10300/30000  loss 0.0568  step 221.0 ms
step   10400/30000  loss 0.0566  step 221.2 ms
step   10500/30000  loss 0.0544  step 220.6 ms
step   10600/30000  loss 0.0620  step 221.3 ms
step   10700/30000  loss 0.0541  step 220.4 ms
step   10800/30000  loss 0.0572  step 221.5 ms
step   10900/30000  loss 0.0530  step 221.5 ms
step   11000/30000  loss 0.0488  step 221.2 ms
  eval @ step   11000  macro_mae 3.1068  val_mae 3.1068  pred_std 1.552  solve: d1=1.00 d11=0.32 d13=0.28 d3=0.94 d5=0.88 d7=0.82 d9=0.46
step   11100/30000  loss 0.0541  step 221.6 ms
step   11200/30000  loss 0.0485  step 221.7 ms
step   11300/30000  loss 0.0470  step 221.1 ms
step   11400/30000  loss 0.0454  step 221.5 ms
step   11500/30000  loss 0.0437  step 224.4 ms
step   11600/30000  loss 0.0569  step 224.4 ms
step   11700/30000  loss 0.0519  step 220.8 ms
step   11800/30000  loss 0.0529  step 220.8 ms
step   11900/30000  loss 0.0492  step 221.0 ms
step   12000/30000  loss 0.0505  step 220.4 ms
  eval @ step   12000  macro_mae 3.1733  val_mae 3.1733  pred_std 1.497  solve: d1=1.00 d11=0.36 d13=0.42 d3=1.00 d5=0.96 d7=0.90 d9=0.62
step   12100/30000  loss 0.0427  step 220.9 ms
step   12200/30000  loss 0.0408  step 220.5 ms
step   12300/30000  loss 0.0382  step 221.4 ms
step   12400/30000  loss 0.0385  step 222.9 ms
step   12500/30000  loss 0.0371  step 220.8 ms
step   12600/30000  loss 0.0389  step 220.6 ms
step   12700/30000  loss 0.0329  step 220.8 ms
step   12800/30000  loss 0.0347  step 221.1 ms
step   12900/30000  loss 0.0333  step 220.9 ms
step   13000/30000  loss 0.0313  step 220.5 ms
  eval @ step   13000  macro_mae 3.1320  val_mae 3.1320  pred_std 1.514  solve: d1=1.00 d11=0.34 d13=0.28 d3=0.96 d5=0.98 d7=0.84 d9=0.60
step   13100/30000  loss 0.0450  step 221.0 ms
step   13200/30000  loss 0.0386  step 223.8 ms
step   13300/30000  loss 0.0358  step 222.6 ms
step   13400/30000  loss 0.0364  step 221.8 ms
step   13500/30000  loss 0.0355  step 221.4 ms
step   13600/30000  loss 0.0485  step 220.9 ms
step   13700/30000  loss 0.0503  step 222.8 ms
step   13800/30000  loss 0.0440  step 220.8 ms
step   13900/30000  loss 0.0406  step 222.8 ms
step   14000/30000  loss 0.0412  step 221.0 ms
  eval @ step   14000  macro_mae 3.0993  val_mae 3.0993  pred_std 1.476  solve: d1=1.00 d11=0.34 d13=0.30 d3=0.98 d5=0.92 d7=0.90 d9=0.54
step   14100/30000  loss 0.0477  step 222.4 ms
step   14200/30000  loss 0.0417  step 221.5 ms
step   14300/30000  loss 0.0426  step 220.0 ms
step   14400/30000  loss 0.0387  step 221.2 ms
step   14500/30000  loss 0.0370  step 220.8 ms
step   14600/30000  loss 0.0453  step 222.1 ms
step   14700/30000  loss 0.0414  step 221.3 ms
step   14800/30000  loss 0.0405  step 221.4 ms
step   14900/30000  loss 0.0391  step 220.6 ms
step   15000/30000  loss 0.0379  step 220.8 ms
  eval @ step   15000  macro_mae 2.9859  val_mae 2.9859  pred_std 1.512  solve: d1=1.00 d11=0.44 d13=0.32 d3=1.00 d5=1.00 d7=0.94 d9=0.68
step   15100/30000  loss 0.0423  step 220.9 ms
step   15200/30000  loss 0.0425  step 220.5 ms
step   15300/30000  loss 0.0398  step 220.3 ms
step   15400/30000  loss 0.0412  step 220.6 ms
step   15500/30000  loss 0.0376  step 220.8 ms
step   15600/30000  loss 0.0424  step 221.0 ms
step   15700/30000  loss 0.0428  step 220.4 ms
step   15800/30000  loss 0.0381  step 220.0 ms
step   15900/30000  loss 0.0389  step 221.3 ms
step   16000/30000  loss 0.0393  step 221.1 ms
  eval @ step   16000  macro_mae 2.9763  val_mae 2.9763  pred_std 1.501  solve: d1=1.00 d11=0.62 d13=0.44 d3=1.00 d5=1.00 d7=0.98 d9=0.62
step   16100/30000  loss 0.0398  step 221.2 ms
step   16200/30000  loss 0.0358  step 221.3 ms
step   16300/30000  loss 0.0363  step 221.6 ms
step   16400/30000  loss 0.0339  step 221.6 ms
step   16500/30000  loss 0.0368  step 221.1 ms
step   16600/30000  loss 0.0377  step 221.9 ms
step   16700/30000  loss 0.0370  step 221.6 ms
step   16800/30000  loss 0.0364  step 220.9 ms
step   16900/30000  loss 0.0367  step 221.6 ms
step   17000/30000  loss 0.0355  step 221.1 ms
  eval @ step   17000  macro_mae 2.8602  val_mae 2.8602  pred_std 1.568  solve: d1=1.00 d11=0.68 d13=0.32 d3=1.00 d5=1.00 d7=0.96 d9=0.74
step   17100/30000  loss 0.0490  step 221.9 ms
step   17200/30000  loss 0.0441  step 221.7 ms
step   17300/30000  loss 0.0432  step 222.2 ms
step   17400/30000  loss 0.0472  step 221.2 ms
step   17500/30000  loss 0.0425  step 220.7 ms
step   17600/30000  loss 0.0446  step 220.5 ms
step   17700/30000  loss 0.0421  step 224.7 ms
step   17800/30000  loss 0.0445  step 222.4 ms
step   17900/30000  loss 0.0454  step 221.9 ms
step   18000/30000  loss 0.0421  step 222.2 ms
  eval @ step   18000  macro_mae 2.8230  val_mae 2.8230  pred_std 1.601  solve: d1=1.00 d11=0.54 d13=0.40 d3=1.00 d5=1.00 d7=1.00 d9=0.86
step   18100/30000  loss 0.0419  step 221.2 ms
step   18200/30000  loss 0.0390  step 221.5 ms
step   18300/30000  loss 0.0425  step 222.6 ms
step   18400/30000  loss 0.0386  step 221.1 ms
step   18500/30000  loss 0.0407  step 221.0 ms
step   18600/30000  loss 0.0387  step 220.6 ms
step   18700/30000  loss 0.0396  step 222.8 ms
step   18800/30000  loss 0.0351  step 221.9 ms
step   18900/30000  loss 0.0371  step 220.9 ms
step   19000/30000  loss 0.0357  step 221.3 ms
  eval @ step   19000  macro_mae 2.8203  val_mae 2.8203  pred_std 1.605  solve: d1=1.00 d11=0.52 d13=0.44 d3=1.00 d5=1.00 d7=0.98 d9=0.78
step   19100/30000  loss 0.0443  step 221.1 ms
step   19200/30000  loss 0.0425  step 221.0 ms
step   19300/30000  loss 0.0417  step 220.5 ms
step   19400/30000  loss 0.0425  step 223.0 ms
step   19500/30000  loss 0.0407  step 222.5 ms
step   19600/30000  loss 0.0450  step 221.4 ms
step   19700/30000  loss 0.0420  step 220.8 ms
step   19800/30000  loss 0.0455  step 222.0 ms
step   19900/30000  loss 0.0437  step 220.9 ms
step   20000/30000  loss 0.0436  step 221.8 ms
  eval @ step   20000  macro_mae 2.8305  val_mae 2.8305  pred_std 1.608  solve: d1=1.00 d11=0.54 d13=0.40 d3=1.00 d5=1.00 d7=0.94 d9=0.72
step   20100/30000  loss 0.0398  step 222.3 ms
step   20200/30000  loss 0.0389  step 221.2 ms
step   20300/30000  loss 0.0389  step 225.5 ms
step   20400/30000  loss 0.0391  step 224.2 ms
step   20500/30000  loss 0.0373  step 224.3 ms
step   20600/30000  loss 0.0376  step 224.9 ms
step   20700/30000  loss 0.0346  step 224.5 ms
step   20800/30000  loss 0.0342  step 224.1 ms
step   20900/30000  loss 0.0366  step 224.0 ms
step   21000/30000  loss 0.0328  step 224.5 ms
  eval @ step   21000  macro_mae 2.8225  val_mae 2.8225  pred_std 1.617  solve: d1=1.00 d11=0.42 d13=0.46 d3=1.00 d5=1.00 d7=0.88 d9=0.82
step   21100/30000  loss 0.0385  step 223.8 ms
step   21200/30000  loss 0.0381  step 224.0 ms
step   21300/30000  loss 0.0389  step 221.8 ms
step   21400/30000  loss 0.0377  step 221.5 ms
step   21500/30000  loss 0.0352  step 220.8 ms
step   21600/30000  loss 0.0381  step 221.3 ms
step   21700/30000  loss 0.0401  step 220.3 ms
step   21800/30000  loss 0.0402  step 222.3 ms
step   21900/30000  loss 0.0420  step 221.9 ms
step   22000/30000  loss 0.0367  step 220.5 ms
  eval @ step   22000  macro_mae 2.8710  val_mae 2.8710  pred_std 1.530  solve: d1=1.00 d11=0.48 d13=0.46 d3=1.00 d5=1.00 d7=0.96 d9=0.76
step   22100/30000  loss 0.0350  step 221.5 ms
step   22200/30000  loss 0.0354  step 220.7 ms
step   22300/30000  loss 0.0344  step 222.7 ms
step   22400/30000  loss 0.0332  step 221.4 ms
step   22500/30000  loss 0.0330  step 220.7 ms
step   22600/30000  loss 0.0305  step 221.6 ms
step   22700/30000  loss 0.0300  step 221.3 ms
step   22800/30000  loss 0.0285  step 221.9 ms
step   22900/30000  loss 0.0265  step 220.6 ms
step   23000/30000  loss 0.0280  step 221.3 ms
  eval @ step   23000  macro_mae 2.8141  val_mae 2.8141  pred_std 1.569  solve: d1=1.00 d11=0.44 d13=0.30 d3=1.00 d5=1.00 d7=0.96 d9=0.64
step   23100/30000  loss 0.0318  step 222.0 ms
step   23200/30000  loss 0.0332  step 221.2 ms
step   23300/30000  loss 0.0320  step 221.4 ms
step   23400/30000  loss 0.0314  step 220.7 ms
step   23500/30000  loss 0.0328  step 221.2 ms
step   23600/30000  loss 0.0377  step 221.1 ms
step   23700/30000  loss 0.0372  step 221.6 ms
step   23800/30000  loss 0.0360  step 221.0 ms
step   23900/30000  loss 0.0354  step 221.2 ms
step   24000/30000  loss 0.0344  step 220.9 ms
  eval @ step   24000  macro_mae 2.7998  val_mae 2.7998  pred_std 1.587  solve: d1=1.00 d11=0.52 d13=0.44 d3=1.00 d5=1.00 d7=0.98 d9=0.64
step   24100/30000  loss 0.0360  step 222.9 ms
step   24200/30000  loss 0.0331  step 220.9 ms
step   24300/30000  loss 0.0343  step 221.0 ms
step   24400/30000  loss 0.0346  step 220.7 ms
step   24500/30000  loss 0.0316  step 221.0 ms
step   24600/30000  loss 0.0365  step 221.2 ms
step   24700/30000  loss 0.0340  step 220.2 ms
step   24800/30000  loss 0.0322  step 225.2 ms
step   24900/30000  loss 0.0330  step 222.7 ms
step   25000/30000  loss 0.0335  step 220.0 ms
  eval @ step   25000  macro_mae 2.8333  val_mae 2.8333  pred_std 1.617  solve: d1=1.00 d11=0.46 d13=0.34 d3=1.00 d5=0.94 d7=0.96 d9=0.64
step   25100/30000  loss 0.0345  step 220.4 ms
step   25200/30000  loss 0.0340  step 221.5 ms
step   25300/30000  loss 0.0308  step 221.3 ms
step   25400/30000  loss 0.0293  step 220.3 ms
step   25500/30000  loss 0.0325  step 221.0 ms
step   25600/30000  loss 0.0365  step 220.9 ms
step   25700/30000  loss 0.0360  step 221.0 ms
step   25800/30000  loss 0.0335  step 220.8 ms
step   25900/30000  loss 0.0343  step 224.2 ms
step   26000/30000  loss 0.0336  step 221.1 ms
  eval @ step   26000  macro_mae 2.8507  val_mae 2.8507  pred_std 1.572  solve: d1=1.00 d11=0.52 d13=0.34 d3=0.98 d5=1.00 d7=0.86 d9=0.70
step   26100/30000  loss 0.0348  step 220.7 ms
step   26200/30000  loss 0.0328  step 222.3 ms
step   26300/30000  loss 0.0341  step 221.2 ms
step   26400/30000  loss 0.0331  step 220.6 ms
step   26500/30000  loss 0.0292  step 221.0 ms
step   26600/30000  loss 0.0341  step 220.3 ms
step   26700/30000  loss 0.0327  step 221.1 ms
step   26800/30000  loss 0.0332  step 221.3 ms
step   26900/30000  loss 0.0321  step 220.9 ms
step   27000/30000  loss 0.0318  step 220.8 ms
  eval @ step   27000  macro_mae 2.9255  val_mae 2.9255  pred_std 1.579  solve: d1=1.00 d11=0.46 d13=0.32 d3=1.00 d5=1.00 d7=0.92 d9=0.72
step   27100/30000  loss 0.0296  step 221.1 ms
step   27200/30000  loss 0.0318  step 221.4 ms
step   27300/30000  loss 0.0291  step 220.4 ms
step   27400/30000  loss 0.0281  step 221.5 ms
step   27500/30000  loss 0.0301  step 220.9 ms
step   27600/30000  loss 0.0359  step 220.6 ms
step   27700/30000  loss 0.0353  step 223.0 ms
step   27800/30000  loss 0.0312  step 221.0 ms
step   27900/30000  loss 0.0296  step 220.1 ms
step   28000/30000  loss 0.0297  step 220.7 ms
  eval @ step   28000  macro_mae 2.9296  val_mae 2.9296  pred_std 1.586  solve: d1=1.00 d11=0.54 d13=0.26 d3=1.00 d5=0.98 d7=0.90 d9=0.56
step   28100/30000  loss 0.0375  step 220.6 ms
step   28200/30000  loss 0.0330  step 220.3 ms
step   28300/30000  loss 0.0334  step 221.4 ms
step   28400/30000  loss 0.0340  step 219.8 ms
step   28500/30000  loss 0.0323  step 220.7 ms
step   28600/30000  loss 0.0329  step 221.7 ms
step   28700/30000  loss 0.0302  step 220.5 ms
step   28800/30000  loss 0.0363  step 223.5 ms
step   28900/30000  loss 0.0287  step 224.5 ms
step   29000/30000  loss 0.0300  step 225.5 ms
  eval @ step   29000  macro_mae 2.9666  val_mae 2.9666  pred_std 1.479  solve: d1=1.00 d11=0.36 d13=0.26 d3=1.00 d5=0.98 d7=0.86 d9=0.72
step   29100/30000  loss 0.0277  step 223.8 ms
step   29200/30000  loss 0.0276  step 221.7 ms
step   29300/30000  loss 0.0249  step 220.7 ms
step   29400/30000  loss 0.0242  step 220.5 ms
step   29500/30000  loss 0.0229  step 220.6 ms
step   29600/30000  loss 0.0297  step 220.5 ms
step   29700/30000  loss 0.0279  step 220.2 ms
step   29800/30000  loss 0.0246  step 221.2 ms
step   29900/30000  loss 0.0283  step 220.7 ms
step   30000/30000  loss 0.0249  step 220.7 ms
  eval @ step   30000  macro_mae 2.9298  val_mae 2.9298  pred_std 1.511  solve: d1=1.00 d11=0.42 d13=0.32 d3=1.00 d5=0.98 d7=0.88 d9=0.50

final macro_mae: 2.9298
final val_mae:   2.9298
final solve:     d1=1.00 d11=0.48 d13=0.32 d3=1.00 d5=1.00 d7=0.84 d9=0.78
done. metrics:   experiments/davi-2x2/davi-baseline/runs/sweep_sync500_kmax20-30k/metrics.jsonl
