run dir:        experiments/beam-search-2x2/runs/sync500_kmax20-baseline
checkpoint:     experiments/davi-2x2/davi-baseline/runs/sync500_kmax20-30k/net_final.pt
device:         mps
params:         13.21M
depths:         [1, 2, 3, 4, 5, 6, 7, 8, 9, 10, 11, 12, 13, 14]
beam_widths:    [1, 4, 16, 64, 256]
n_per_depth:    200
max_steps:      20
V* states:      3,674,160

  d= 1 w=   1  solved  200/200  rate 1.000  avg_len 1.00  excess 0.00  (0.6s, 2,400 exp)
  d= 1 w=   4  solved  200/200  rate 1.000  avg_len 1.00  excess 0.00  (0.4s, 2,400 exp)
  d= 1 w=  16  solved  200/200  rate 1.000  avg_len 1.00  excess 0.00  (0.5s, 2,400 exp)
  d= 1 w=  64  solved  200/200  rate 1.000  avg_len 1.00  excess 0.00  (0.4s, 2,400 exp)
  d= 1 w= 256  solved  200/200  rate 1.000  avg_len 1.00  excess 0.00  (0.4s, 2,400 exp)
  d= 2 w=   1  solved  200/200  rate 1.000  avg_len 2.00  excess 0.21  (0.9s, 4,800 exp)
  d= 2 w=   4  solved  200/200  rate 1.000  avg_len 2.00  excess 0.21  (1.1s, 12,000 exp)
  d= 2 w=  16  solved  200/200  rate 1.000  avg_len 2.00  excess 0.21  (1.0s, 31,200 exp)
  d= 2 w=  64  solved  200/200  rate 1.000  avg_len 2.00  excess 0.21  (1.0s, 31,200 exp)
  d= 2 w= 256  solved  200/200  rate 1.000  avg_len 2.00  excess 0.21  (0.9s, 31,200 exp)
  d= 3 w=   1  solved  200/200  rate 1.000  avg_len 3.00  excess 0.36  (1.2s, 7,200 exp)
  d= 3 w=   4  solved  200/200  rate 1.000  avg_len 3.00  excess 0.36  (1.4s, 21,600 exp)
  d= 3 w=  16  solved  200/200  rate 1.000  avg_len 3.00  excess 0.36  (1.5s, 69,600 exp)
  d= 3 w=  64  solved  200/200  rate 1.000  avg_len 3.00  excess 0.36  (2.1s, 184,800 exp)
  d= 3 w= 256  solved  200/200  rate 1.000  avg_len 3.00  excess 0.36  (2.6s, 307,200 exp)
  d= 4 w=   1  solved  200/200  rate 1.000  avg_len 3.85  excess 0.42  (1.5s, 9,240 exp)
  d= 4 w=   4  solved  200/200  rate 1.000  avg_len 3.85  excess 0.42  (1.8s, 29,760 exp)
  d= 4 w=  16  solved  200/200  rate 1.000  avg_len 3.85  excess 0.42  (2.0s, 102,240 exp)
  d= 4 w=  64  solved  200/200  rate 1.000  avg_len 3.85  excess 0.42  (2.8s, 315,360 exp)
  d= 4 w= 256  solved  200/200  rate 1.000  avg_len 3.85  excess 0.42  (3.9s, 854,820 exp)
  d= 5 w=   1  solved  199/200  rate 0.995  avg_len 4.63  excess 0.56  (1.8s, 11,292 exp)
  d= 5 w=   4  solved  200/200  rate 1.000  avg_len 4.63  excess 0.56  (2.1s, 37,248 exp)
  d= 5 w=  16  solved  200/200  rate 1.000  avg_len 4.63  excess 0.56  (2.4s, 132,240 exp)
  d= 5 w=  64  solved  200/200  rate 1.000  avg_len 4.63  excess 0.56  (4.1s, 435,792 exp)
  d= 5 w= 256  solved  200/200  rate 1.000  avg_len 4.63  excess 0.56  (5.0s, 1,313,292 exp)
  d= 6 w=   1  solved  198/200  rate 0.990  avg_len 5.52  excess 0.44  (2.2s, 13,584 exp)
  d= 6 w=   4  solved  200/200  rate 1.000  avg_len 5.52  excess 0.44  (2.4s, 45,792 exp)
  d= 6 w=  16  solved  200/200  rate 1.000  avg_len 5.52  excess 0.44  (2.9s, 166,368 exp)
  d= 6 w=  64  solved  200/200  rate 1.000  avg_len 5.52  excess 0.44  (4.9s, 571,872 exp)
  d= 6 w= 256  solved  200/200  rate 1.000  avg_len 5.52  excess 0.44  (6.7s, 1,865,640 exp)
  d= 7 w=   1  solved  172/200  rate 0.860  avg_len 5.94  excess 0.43  (3.0s, 18,984 exp)
  d= 7 w=   4  solved  194/200  rate 0.970  avg_len 6.05  excess 0.41  (3.0s, 54,912 exp)
  d= 7 w=  16  solved  200/200  rate 1.000  avg_len 6.09  excess 0.41  (3.3s, 188,256 exp)
  d= 7 w=  64  solved  200/200  rate 1.000  avg_len 6.08  excess 0.40  (5.7s, 657,888 exp)
  d= 7 w= 256  solved  200/200  rate 1.000  avg_len 6.08  excess 0.40  (8.0s, 2,199,552 exp)
  d= 8 w=   1  solved  160/200  rate 0.800  avg_len 6.24  excess 0.41  (3.5s, 21,576 exp)
  d= 8 w=   4  solved  188/200  rate 0.940  avg_len 6.45  excess 0.34  (3.2s, 62,496 exp)
  d= 8 w=  16  solved  197/200  rate 0.985  avg_len 6.52  excess 0.32  (3.6s, 212,448 exp)
  d= 8 w=  64  solved  200/200  rate 1.000  avg_len 6.54  excess 0.32  (5.9s, 728,544 exp)
  d= 8 w= 256  solved  200/200  rate 1.000  avg_len 6.54  excess 0.32  (8.9s, 2,482,176 exp)
  d= 9 w=   1  solved  138/200  rate 0.690  avg_len 6.57  excess 0.41  (4.0s, 25,752 exp)
  d= 9 w=   4  solved  162/200  rate 0.810  avg_len 6.85  excess 0.41  (4.2s, 82,560 exp)
  d= 9 w=  16  solved  186/200  rate 0.930  avg_len 7.08  excess 0.34  (4.1s, 260,832 exp)
  d= 9 w=  64  solved  200/200  rate 1.000  avg_len 7.15  excess 0.27  (7.0s, 822,240 exp)
  d= 9 w= 256  solved  200/200  rate 1.000  avg_len 7.15  excess 0.27  (10.2s, 2,856,960 exp)
  d=10 w=   1  solved  104/200  rate 0.520  avg_len 6.73  excess 0.38  (4.9s, 31,440 exp)
  d=10 w=   4  solved  142/200  rate 0.710  avg_len 7.15  excess 0.34  (5.1s, 97,248 exp)
  d=10 w=  16  solved  173/200  rate 0.865  avg_len 7.56  excess 0.35  (5.0s, 309,216 exp)
  d=10 w=  64  solved  191/200  rate 0.955  avg_len 7.66  excess 0.22  (7.5s, 986,592 exp)
  d=10 w= 256  solved  198/200  rate 0.990  avg_len 7.73  excess 0.19  (11.4s, 3,287,040 exp)
  d=11 w=   1  solved   96/200  rate 0.480  avg_len 6.81  excess 0.38  (5.2s, 32,808 exp)
  d=11 w=   4  solved  124/200  rate 0.620  avg_len 7.08  excess 0.29  (5.6s, 107,904 exp)
  d=11 w=  16  solved  163/200  rate 0.815  avg_len 7.63  excess 0.33  (5.4s, 335,136 exp)
  d=11 w=  64  solved  187/200  rate 0.935  avg_len 7.82  excess 0.20  (8.8s, 1,047,264 exp)
  d=11 w= 256  solved  198/200  rate 0.990  avg_len 7.98  excess 0.18  (11.8s, 3,440,640 exp)
  d=12 w=   1  solved   69/200  rate 0.345  avg_len 6.93  excess 0.32  (5.8s, 37,176 exp)
  d=12 w=   4  solved  112/200  rate 0.560  avg_len 7.77  excess 0.50  (6.1s, 119,040 exp)
  d=12 w=  16  solved  152/200  rate 0.760  avg_len 8.11  excess 0.34  (5.2s, 375,264 exp)
  d=12 w=  64  solved  173/200  rate 0.865  avg_len 8.21  excess 0.16  (9.6s, 1,229,280 exp)
  d=12 w= 256  solved  197/200  rate 0.985  avg_len 8.50  excess 0.16  (13.0s, 3,790,848 exp)
  d=13 w=   1  solved   65/200  rate 0.325  avg_len 7.37  excess 0.34  (6.0s, 38,148 exp)
  d=13 w=   4  solved  107/200  rate 0.535  avg_len 7.95  excess 0.37  (5.9s, 122,928 exp)
  d=13 w=  16  solved  145/200  rate 0.725  avg_len 8.14  excess 0.19  (6.2s, 392,352 exp)
  d=13 w=  64  solved  175/200  rate 0.875  avg_len 8.44  excess 0.10  (9.0s, 1,242,336 exp)
  d=13 w= 256  solved  198/200  rate 0.990  avg_len 8.75  excess 0.11  (13.6s, 3,907,584 exp)
  d=14 w=   1  solved   73/200  rate 0.365  avg_len 7.78  excess 0.44  (5.9s, 37,296 exp)
  d=14 w=   4  solved   97/200  rate 0.485  avg_len 7.81  excess 0.21  (6.1s, 128,064 exp)
  d=14 w=  16  solved  133/200  rate 0.665  avg_len 8.23  excess 0.26  (6.7s, 421,728 exp)
  d=14 w=  64  solved  161/200  rate 0.805  avg_len 8.47  excess 0.15  (10.1s, 1,370,592 exp)
  d=14 w= 256  solved  194/200  rate 0.970  avg_len 8.91  excess 0.11  (14.2s, 4,142,748 exp)

done. 70 cells in 334.1s wall.
histograms: experiments/beam-search-2x2/runs/sync500_kmax20-baseline/solve_histograms_beam.json
