run dir:                experiments/davi-2x2/runs/kmax28_warm-30k
device:                 mps
params:                 13.21M
body_widths:            (4096, 1024)
n_residual_blocks:      4
normalization:          bn
batch_size:             4096
max_scramble_depth:     28
target_sync_interval:   500
learning_rate:          0.001
n_steps:                30000
eval_set:               experiments/davi-2x2/eval_set.npz (1400 states)
resumed from:           experiments/davi-2x2/runs/sync500_kmax20-30k/net_final.pt (mode=full, prior_step=30000)

step     100/30000  loss 0.0325  step 243.8 ms
step     200/30000  loss 0.0314  step 242.6 ms
step     300/30000  loss 0.0316  step 242.5 ms
step     400/30000  loss 0.0292  step 245.3 ms
step     500/30000  loss 0.0335  step 244.3 ms
step     600/30000  loss 0.0321  step 243.0 ms
step     700/30000  loss 0.0296  step 243.2 ms
step     800/30000  loss 0.0288  step 243.2 ms
step     900/30000  loss 0.0290  step 243.0 ms
step    1000/30000  loss 0.0272  step 243.3 ms
  eval @ step    1000  macro_mae 3.1451  val_mae 3.1451  pred_std 1.454  solve: d1=1.00 d10=0.58 d11=0.40 d12=0.44 d13=0.38 d2=1.00 d3=1.00 d4=1.00 d5=1.00 d6=0.98 d7=0.92 d8=0.74 d9=0.62
step    1100/30000  loss 0.0369  step 242.9 ms
step    1200/30000  loss 0.0358  step 248.8 ms
step    1300/30000  loss 0.0342  step 243.3 ms
step    1400/30000  loss 0.0344  step 245.3 ms
step    1500/30000  loss 0.0338  step 244.0 ms
step    1600/30000  loss 0.0326  step 244.3 ms
step    1700/30000  loss 0.0295  step 244.2 ms
step    1800/30000  loss 0.0298  step 247.9 ms
step    1900/30000  loss 0.0290  step 244.2 ms
step    2000/30000  loss 0.0290  step 247.9 ms
  eval @ step    2000  macro_mae 3.0068  val_mae 3.0068  pred_std 1.538  solve: d1=1.00 d10=0.62 d11=0.62 d12=0.50 d13=0.40 d2=1.00 d3=1.00 d4=1.00 d5=0.98 d6=0.98 d7=0.88 d8=0.92 d9=0.74
step    2100/30000  loss 0.0368  step 245.6 ms
step    2200/30000  loss 0.0363  step 243.3 ms
step    2300/30000  loss 0.0314  step 247.8 ms
step    2400/30000  loss 0.0363  step 243.7 ms
step    2500/30000  loss 0.0318  step 243.5 ms
step    2600/30000  loss 0.0448  step 243.8 ms
step    2700/30000  loss 0.0453  step 243.8 ms
step    2800/30000  loss 0.0442  step 243.2 ms
step    2900/30000  loss 0.0450  step 243.6 ms
step    3000/30000  loss 0.0472  step 243.7 ms
  eval @ step    3000  macro_mae 2.9054  val_mae 2.9054  pred_std 1.572  solve: d1=1.00 d10=0.76 d11=0.60 d12=0.46 d13=0.38 d2=1.00 d3=1.00 d4=1.00 d5=1.00 d6=0.92 d7=0.94 d8=0.80 d9=0.68
step    3100/30000  loss 0.0359  step 243.5 ms
step    3200/30000  loss 0.0381  step 243.0 ms
step    3300/30000  loss 0.0360  step 243.2 ms
step    3400/30000  loss 0.0356  step 243.0 ms
step    3500/30000  loss 0.0339  step 242.3 ms
step    3600/30000  loss 0.0356  step 242.6 ms
step    3700/30000  loss 0.0373  step 242.7 ms
step    3800/30000  loss 0.0376  step 245.7 ms
step    3900/30000  loss 0.0350  step 243.0 ms
step    4000/30000  loss 0.0341  step 243.7 ms
  eval @ step    4000  macro_mae 2.8073  val_mae 2.8073  pred_std 1.653  solve: d1=1.00 d10=0.68 d11=0.58 d12=0.60 d13=0.40 d2=1.00 d3=1.00 d4=1.00 d5=1.00 d6=1.00 d7=0.94 d8=0.88 d9=0.80
step    4100/30000  loss 0.0403  step 244.0 ms
step    4200/30000  loss 0.0378  step 243.0 ms
step    4300/30000  loss 0.0380  step 243.4 ms
step    4400/30000  loss 0.0360  step 242.9 ms
step    4500/30000  loss 0.0394  step 243.1 ms
step    4600/30000  loss 0.0528  step 243.2 ms
step    4700/30000  loss 0.0482  step 243.0 ms
step    4800/30000  loss 0.0519  step 243.0 ms
step    4900/30000  loss 0.0494  step 242.8 ms
step    5000/30000  loss 0.0470  step 245.3 ms
  eval @ step    5000  macro_mae 2.7074  val_mae 2.7074  pred_std 1.730  solve: d1=1.00 d10=0.84 d11=0.76 d12=0.44 d13=0.54 d2=1.00 d3=1.00 d4=1.00 d5=1.00 d6=1.00 d7=0.98 d8=0.94 d9=0.90
step    5100/30000  loss 0.0578  step 242.9 ms
step    5200/30000  loss 0.0576  step 245.1 ms
step    5300/30000  loss 0.0570  step 243.8 ms
step    5400/30000  loss 0.0552  step 243.1 ms
step    5500/30000  loss 0.0520  step 242.2 ms
step    5600/30000  loss 0.0553  step 243.4 ms
step    5700/30000  loss 0.0566  step 244.1 ms
step    5800/30000  loss 0.0567  step 242.7 ms
step    5900/30000  loss 0.0538  step 242.9 ms
step    6000/30000  loss 0.0530  step 243.8 ms
  eval @ step    6000  macro_mae 2.6831  val_mae 2.6831  pred_std 1.823  solve: d1=1.00 d10=0.74 d11=0.64 d12=0.66 d13=0.54 d2=1.00 d3=1.00 d4=1.00 d5=1.00 d6=1.00 d7=0.98 d8=0.90 d9=0.92
step    6100/30000  loss 0.0538  step 242.1 ms
step    6200/30000  loss 0.0565  step 242.6 ms
step    6300/30000  loss 0.0526  step 242.5 ms
step    6400/30000  loss 0.0480  step 243.8 ms
step    6500/30000  loss 0.0508  step 243.2 ms
step    6600/30000  loss 0.0581  step 243.7 ms
step    6700/30000  loss 0.0547  step 242.2 ms
step    6800/30000  loss 0.0535  step 244.4 ms
step    6900/30000  loss 0.0557  step 243.1 ms
step    7000/30000  loss 0.0535  step 242.6 ms
  eval @ step    7000  macro_mae 2.7492  val_mae 2.7492  pred_std 1.744  solve: d1=1.00 d10=0.74 d11=0.80 d12=0.58 d13=0.52 d2=1.00 d3=1.00 d4=1.00 d5=1.00 d6=1.00 d7=0.96 d8=0.92 d9=0.82
step    7100/30000  loss 0.0529  step 243.7 ms
step    7200/30000  loss 0.0521  step 242.9 ms
step    7300/30000  loss 0.0520  step 242.9 ms
step    7400/30000  loss 0.0544  step 243.0 ms
step    7500/30000  loss 0.0501  step 242.5 ms
step    7600/30000  loss 0.0530  step 243.2 ms
step    7700/30000  loss 0.0498  step 243.3 ms
step    7800/30000  loss 0.0477  step 243.7 ms
step    7900/30000  loss 0.0472  step 243.6 ms
step    8000/30000  loss 0.0472  step 242.7 ms
  eval @ step    8000  macro_mae 2.7724  val_mae 2.7724  pred_std 1.749  solve: d1=1.00 d10=0.84 d11=0.62 d12=0.62 d13=0.64 d2=1.00 d3=1.00 d4=1.00 d5=1.00 d6=1.00 d7=1.00 d8=0.94 d9=0.88
step    8100/30000  loss 0.0515  step 243.0 ms
step    8200/30000  loss 0.0505  step 243.3 ms
step    8300/30000  loss 0.0485  step 242.7 ms
step    8400/30000  loss 0.0446  step 244.8 ms
step    8500/30000  loss 0.0436  step 242.8 ms
step    8600/30000  loss 0.0439  step 243.2 ms
step    8700/30000  loss 0.0448  step 242.3 ms
step    8800/30000  loss 0.0446  step 243.3 ms
step    8900/30000  loss 0.0398  step 243.3 ms
step    9000/30000  loss 0.0417  step 242.5 ms
  eval @ step    9000  macro_mae 2.7059  val_mae 2.7059  pred_std 1.733  solve: d1=1.00 d10=0.74 d11=0.72 d12=0.66 d13=0.56 d2=1.00 d3=1.00 d4=1.00 d5=1.00 d6=1.00 d7=0.96 d8=0.94 d9=0.76
step    9100/30000  loss 0.0432  step 242.7 ms
step    9200/30000  loss 0.0424  step 243.1 ms
step    9300/30000  loss 0.0441  step 243.5 ms
step    9400/30000  loss 0.0431  step 243.1 ms
step    9500/30000  loss 0.0421  step 242.7 ms
step    9600/30000  loss 0.0484  step 243.3 ms
step    9700/30000  loss 0.0489  step 241.9 ms
step    9800/30000  loss 0.0457  step 243.6 ms
step    9900/30000  loss 0.0459  step 243.4 ms
step   10000/30000  loss 0.0455  step 244.1 ms
  eval @ step   10000  macro_mae 2.7242  val_mae 2.7242  pred_std 1.744  solve: d1=1.00 d10=0.86 d11=0.62 d12=0.56 d13=0.60 d2=1.00 d3=1.00 d4=1.00 d5=1.00 d6=1.00 d7=0.98 d8=0.92 d9=0.78
step   10100/30000  loss 0.0473  step 242.1 ms
step   10200/30000  loss 0.0452  step 244.0 ms
step   10300/30000  loss 0.0442  step 244.0 ms
step   10400/30000  loss 0.0430  step 243.2 ms
step   10500/30000  loss 0.0434  step 240.4 ms
step   10600/30000  loss 0.0404  step 248.3 ms
step   10700/30000  loss 0.0434  step 244.2 ms
step   10800/30000  loss 0.0392  step 242.3 ms
step   10900/30000  loss 0.0411  step 242.6 ms
step   11000/30000  loss 0.0390  step 242.6 ms
  eval @ step   11000  macro_mae 2.7213  val_mae 2.7213  pred_std 1.798  solve: d1=1.00 d10=0.78 d11=0.58 d12=0.54 d13=0.48 d2=1.00 d3=1.00 d4=1.00 d5=1.00 d6=0.98 d7=0.98 d8=0.92 d9=0.86
step   11100/30000  loss 0.0449  step 242.4 ms
step   11200/30000  loss 0.0460  step 243.2 ms
step   11300/30000  loss 0.0453  step 243.1 ms
step   11400/30000  loss 0.0475  step 242.7 ms
step   11500/30000  loss 0.0450  step 242.0 ms
step   11600/30000  loss 0.0453  step 243.2 ms
step   11700/30000  loss 0.0468  step 242.5 ms
step   11800/30000  loss 0.0486  step 242.7 ms
step   11900/30000  loss 0.0462  step 242.7 ms
step   12000/30000  loss 0.0488  step 242.6 ms
  eval @ step   12000  macro_mae 2.7371  val_mae 2.7371  pred_std 1.779  solve: d1=1.00 d10=0.72 d11=0.68 d12=0.54 d13=0.56 d2=1.00 d3=1.00 d4=1.00 d5=1.00 d6=0.98 d7=1.00 d8=0.96 d9=0.86
step   12100/30000  loss 0.0528  step 243.6 ms
step   12200/30000  loss 0.0475  step 245.1 ms
step   12300/30000  loss 0.0512  step 243.1 ms
step   12400/30000  loss 0.0494  step 242.5 ms
step   12500/30000  loss 0.0511  step 243.4 ms
step   12600/30000  loss 0.0478  step 244.0 ms
step   12700/30000  loss 0.0457  step 246.0 ms
step   12800/30000  loss 0.0454  step 243.0 ms
step   12900/30000  loss 0.0452  step 242.6 ms
step   13000/30000  loss 0.0443  step 242.8 ms
  eval @ step   13000  macro_mae 2.7836  val_mae 2.7836  pred_std 1.632  solve: d1=1.00 d10=0.74 d11=0.70 d12=0.56 d13=0.44 d2=1.00 d3=1.00 d4=1.00 d5=1.00 d6=1.00 d7=0.96 d8=0.92 d9=0.74
step   13100/30000  loss 0.0396  step 242.2 ms
step   13200/30000  loss 0.0422  step 243.6 ms
step   13300/30000  loss 0.0395  step 247.0 ms
step   13400/30000  loss 0.0391  step 243.0 ms
step   13500/30000  loss 0.0386  step 243.2 ms
step   13600/30000  loss 0.0336  step 243.2 ms
step   13700/30000  loss 0.0328  step 243.1 ms
step   13800/30000  loss 0.0325  step 244.0 ms
step   13900/30000  loss 0.0318  step 243.3 ms
step   14000/30000  loss 0.0326  step 242.4 ms
  eval @ step   14000  macro_mae 2.7120  val_mae 2.7120  pred_std 1.746  solve: d1=1.00 d10=0.64 d11=0.56 d12=0.64 d13=0.50 d2=1.00 d3=1.00 d4=1.00 d5=1.00 d6=0.98 d7=0.98 d8=0.92 d9=0.82
step   14100/30000  loss 0.0346  step 242.5 ms
step   14200/30000  loss 0.0368  step 242.0 ms
step   14300/30000  loss 0.0369  step 243.4 ms
step   14400/30000  loss 0.0358  step 242.5 ms
step   14500/30000  loss 0.0380  step 243.2 ms
step   14600/30000  loss 0.0474  step 243.1 ms
step   14700/30000  loss 0.0475  step 242.1 ms
step   14800/30000  loss 0.0463  step 243.4 ms
step   14900/30000  loss 0.0470  step 243.4 ms
step   15000/30000  loss 0.0431  step 242.2 ms
  eval @ step   15000  macro_mae 2.7022  val_mae 2.7022  pred_std 1.850  solve: d1=1.00 d10=0.72 d11=0.64 d12=0.52 d13=0.44 d2=1.00 d3=1.00 d4=1.00 d5=1.00 d6=0.96 d7=0.90 d8=0.94 d9=0.66
step   15100/30000  loss 0.0540  step 242.7 ms
step   15200/30000  loss 0.0546  step 242.9 ms
step   15300/30000  loss 0.0501  step 242.8 ms
step   15400/30000  loss 0.0472  step 244.2 ms
step   15500/30000  loss 0.0474  step 242.6 ms
step   15600/30000  loss 0.0504  step 242.7 ms
step   15700/30000  loss 0.0517  step 242.4 ms
step   15800/30000  loss 0.0518  step 243.4 ms
step   15900/30000  loss 0.0506  step 243.6 ms
step   16000/30000  loss 0.0489  step 242.7 ms
  eval @ step   16000  macro_mae 2.8410  val_mae 2.8410  pred_std 1.705  solve: d1=1.00 d10=0.78 d11=0.48 d12=0.40 d13=0.46 d2=1.00 d3=1.00 d4=1.00 d5=1.00 d6=0.98 d7=0.88 d8=0.86 d9=0.84
step   16100/30000  loss 0.0406  step 243.6 ms
step   16200/30000  loss 0.0418  step 243.6 ms
step   16300/30000  loss 0.0409  step 243.4 ms
step   16400/30000  loss 0.0419  step 242.9 ms
step   16500/30000  loss 0.0413  step 244.6 ms
step   16600/30000  loss 0.0339  step 242.5 ms
step   16700/30000  loss 0.0344  step 242.6 ms
step   16800/30000  loss 0.0316  step 243.4 ms
step   16900/30000  loss 0.0337  step 243.4 ms
step   17000/30000  loss 0.0328  step 242.4 ms
  eval @ step   17000  macro_mae 2.9023  val_mae 2.9023  pred_std 1.594  solve: d1=1.00 d10=0.54 d11=0.44 d12=0.38 d13=0.44 d2=1.00 d3=1.00 d4=1.00 d5=1.00 d6=0.98 d7=0.92 d8=0.84 d9=0.74
step   17100/30000  loss 0.0295  step 242.9 ms
step   17200/30000  loss 0.0277  step 242.5 ms
step   17300/30000  loss 0.0301  step 242.9 ms
step   17400/30000  loss 0.0280  step 242.6 ms
step   17500/30000  loss 0.0288  step 243.6 ms
step   17600/30000  loss 0.0318  step 244.2 ms
step   17700/30000  loss 0.0314  step 246.8 ms
step   17800/30000  loss 0.0302  step 242.8 ms
step   17900/30000  loss 0.0297  step 244.3 ms
step   18000/30000  loss 0.0316  step 243.0 ms
  eval @ step   18000  macro_mae 2.8499  val_mae 2.8499  pred_std 1.667  solve: d1=1.00 d10=0.56 d11=0.54 d12=0.46 d13=0.40 d2=1.00 d3=1.00 d4=1.00 d5=1.00 d6=0.96 d7=0.90 d8=0.82 d9=0.68
step   18100/30000  loss 0.0390  step 240.9 ms
step   18200/30000  loss 0.0423  step 242.9 ms
step   18300/30000  loss 0.0397  step 242.1 ms
step   18400/30000  loss 0.0375  step 243.3 ms
step   18500/30000  loss 0.0361  step 243.0 ms
step   18600/30000  loss 0.0376  step 241.5 ms
step   18700/30000  loss 0.0359  step 243.1 ms
step   18800/30000  loss 0.0349  step 243.0 ms
step   18900/30000  loss 0.0346  step 242.2 ms
step   19000/30000  loss 0.0370  step 243.6 ms
  eval @ step   19000  macro_mae 2.9141  val_mae 2.9141  pred_std 1.638  solve: d1=1.00 d10=0.52 d11=0.48 d12=0.36 d13=0.34 d2=1.00 d3=1.00 d4=1.00 d5=1.00 d6=0.94 d7=0.84 d8=0.78 d9=0.70
step   19100/30000  loss 0.0321  step 242.9 ms
step   19200/30000  loss 0.0335  step 242.3 ms
step   19300/30000  loss 0.0309  step 243.1 ms
step   19400/30000  loss 0.0313  step 242.9 ms
step   19500/30000  loss 0.0310  step 243.1 ms
step   19600/30000  loss 0.0344  step 243.1 ms
step   19700/30000  loss 0.0343  step 243.3 ms
step   19800/30000  loss 0.0323  step 242.6 ms
step   19900/30000  loss 0.0327  step 246.5 ms
step   20000/30000  loss 0.0327  step 243.5 ms
  eval @ step   20000  macro_mae 2.9101  val_mae 2.9101  pred_std 1.618  solve: d1=1.00 d10=0.68 d11=0.36 d12=0.56 d13=0.32 d2=1.00 d3=1.00 d4=1.00 d5=0.92 d6=0.94 d7=0.96 d8=0.84 d9=0.66
step   20100/30000  loss 0.0319  step 242.8 ms
step   20200/30000  loss 0.0306  step 244.7 ms
step   20300/30000  loss 0.0321  step 242.9 ms
step   20400/30000  loss 0.0302  step 243.8 ms
step   20500/30000  loss 0.0298  step 242.8 ms
step   20600/30000  loss 0.0359  step 242.8 ms
step   20700/30000  loss 0.0364  step 243.5 ms
step   20800/30000  loss 0.0340  step 243.1 ms
step   20900/30000  loss 0.0322  step 243.3 ms
step   21000/30000  loss 0.0351  step 243.3 ms
  eval @ step   21000  macro_mae 2.8906  val_mae 2.8906  pred_std 1.588  solve: d1=1.00 d10=0.58 d11=0.44 d12=0.42 d13=0.36 d2=1.00 d3=1.00 d4=1.00 d5=1.00 d6=0.96 d7=0.90 d8=0.74 d9=0.76
step   21100/30000  loss 0.0381  step 242.6 ms
step   21200/30000  loss 0.0376  step 242.5 ms
step   21300/30000  loss 0.0372  step 243.5 ms
step   21400/30000  loss 0.0382  step 243.1 ms
step   21500/30000  loss 0.0363  step 242.8 ms
step   21600/30000  loss 0.0314  step 243.3 ms
step   21700/30000  loss 0.0327  step 243.1 ms
step   21800/30000  loss 0.0313  step 245.1 ms
step   21900/30000  loss 0.0299  step 242.9 ms
step   22000/30000  loss 0.0315  step 242.8 ms
  eval @ step   22000  macro_mae 2.8927  val_mae 2.8927  pred_std 1.602  solve: d1=1.00 d10=0.44 d11=0.50 d12=0.28 d13=0.50 d2=1.00 d3=1.00 d4=1.00 d5=1.00 d6=0.98 d7=0.96 d8=0.84 d9=0.66
step   22100/30000  loss 0.0336  step 243.9 ms
step   22200/30000  loss 0.0300  step 248.7 ms
step   22300/30000  loss 0.0279  step 251.8 ms
step   22400/30000  loss 0.0273  step 243.4 ms
step   22500/30000  loss 0.0278  step 243.0 ms
step   22600/30000  loss 0.0351  step 243.7 ms
step   22700/30000  loss 0.0334  step 244.1 ms
step   22800/30000  loss 0.0325  step 242.0 ms
step   22900/30000  loss 0.0341  step 243.2 ms
step   23000/30000  loss 0.0310  step 243.0 ms
  eval @ step   23000  macro_mae 2.8463  val_mae 2.8463  pred_std 1.696  solve: d1=1.00 d10=0.62 d11=0.50 d12=0.48 d13=0.38 d2=1.00 d3=1.00 d4=1.00 d5=1.00 d6=0.94 d7=0.92 d8=0.76 d9=0.78
step   23100/30000  loss 0.0469  step 243.9 ms
step   23200/30000  loss 0.0449  step 243.6 ms
step   23300/30000  loss 0.0445  step 245.1 ms
step   23400/30000  loss 0.0464  step 242.7 ms
step   23500/30000  loss 0.0468  step 243.8 ms
step   23600/30000  loss 0.0480  step 242.8 ms
step   23700/30000  loss 0.0445  step 243.3 ms
step   23800/30000  loss 0.0454  step 243.8 ms
step   23900/30000  loss 0.0442  step 243.7 ms
step   24000/30000  loss 0.0424  step 242.7 ms
  eval @ step   24000  macro_mae 2.9283  val_mae 2.9283  pred_std 1.569  solve: d1=1.00 d10=0.58 d11=0.70 d12=0.40 d13=0.32 d2=1.00 d3=1.00 d4=1.00 d5=1.00 d6=1.00 d7=0.92 d8=0.92 d9=0.76
step   24100/30000  loss 0.0318  step 243.1 ms
step   24200/30000  loss 0.0303  step 243.3 ms
step   24300/30000  loss 0.0293  step 243.4 ms
step   24400/30000  loss 0.0310  step 243.7 ms
step   24500/30000  loss 0.0287  step 242.9 ms
step   24600/30000  loss 0.0320  step 243.9 ms
step   24700/30000  loss 0.0318  step 243.5 ms
step   24800/30000  loss 0.0307  step 243.4 ms
step   24900/30000  loss 0.0293  step 250.5 ms
step   25000/30000  loss 0.0284  step 243.6 ms
  eval @ step   25000  macro_mae 2.8686  val_mae 2.8686  pred_std 1.631  solve: d1=1.00 d10=0.58 d11=0.58 d12=0.38 d13=0.40 d2=1.00 d3=1.00 d4=1.00 d5=1.00 d6=1.00 d7=0.88 d8=0.78 d9=0.78
step   25100/30000  loss 0.0345  step 244.1 ms
step   25200/30000  loss 0.0355  step 243.5 ms
step   25300/30000  loss 0.0336  step 249.7 ms
step   25400/30000  loss 0.0358  step 251.0 ms
step   25500/30000  loss 0.0350  step 244.3 ms
step   25600/30000  loss 0.0372  step 248.3 ms
step   25700/30000  loss 0.0330  step 242.3 ms
step   25800/30000  loss 0.0324  step 242.6 ms
step   25900/30000  loss 0.0323  step 244.5 ms
step   26000/30000  loss 0.0324  step 244.3 ms
  eval @ step   26000  macro_mae 2.8780  val_mae 2.8780  pred_std 1.627  solve: d1=1.00 d10=0.54 d11=0.48 d12=0.46 d13=0.26 d2=1.00 d3=1.00 d4=1.00 d5=1.00 d6=1.00 d7=0.92 d8=0.78 d9=0.58
step   26100/30000  loss 0.0345  step 243.0 ms
step   26200/30000  loss 0.0330  step 244.5 ms
step   26300/30000  loss 0.0314  step 243.3 ms
step   26400/30000  loss 0.0308  step 242.8 ms
step   26500/30000  loss 0.0320  step 242.9 ms
step   26600/30000  loss 0.0328  step 249.9 ms
step   26700/30000  loss 0.0301  step 245.2 ms
step   26800/30000  loss 0.0314  step 249.4 ms
step   26900/30000  loss 0.0300  step 242.7 ms
step   27000/30000  loss 0.0322  step 247.0 ms
  eval @ step   27000  macro_mae 2.8894  val_mae 2.8894  pred_std 1.651  solve: d1=1.00 d10=0.58 d11=0.44 d12=0.36 d13=0.36 d2=1.00 d3=1.00 d4=1.00 d5=1.00 d6=0.96 d7=0.90 d8=0.74 d9=0.66
step   27100/30000  loss 0.0322  step 241.8 ms
step   27200/30000  loss 0.0316  step 243.6 ms
step   27300/30000  loss 0.0333  step 244.5 ms
step   27400/30000  loss 0.0319  step 243.0 ms
step   27500/30000  loss 0.0316  step 243.0 ms
step   27600/30000  loss 0.0344  step 245.5 ms
step   27700/30000  loss 0.0337  step 243.7 ms
step   27800/30000  loss 0.0356  step 243.0 ms
step   27900/30000  loss 0.0339  step 242.1 ms
step   28000/30000  loss 0.0344  step 243.3 ms
  eval @ step   28000  macro_mae 2.9326  val_mae 2.9326  pred_std 1.606  solve: d1=1.00 d10=0.56 d11=0.48 d12=0.48 d13=0.34 d2=1.00 d3=1.00 d4=1.00 d5=0.98 d6=0.96 d7=0.88 d8=0.78 d9=0.68
step   28100/30000  loss 0.0337  step 247.1 ms
step   28200/30000  loss 0.0325  step 249.5 ms
step   28300/30000  loss 0.0336  step 254.0 ms
step   28400/30000  loss 0.0317  step 244.7 ms
step   28500/30000  loss 0.0327  step 245.9 ms
step   28600/30000  loss 0.0310  step 249.4 ms
step   28700/30000  loss 0.0326  step 250.0 ms
step   28800/30000  loss 0.0340  step 247.3 ms
step   28900/30000  loss 0.0334  step 252.6 ms
step   29000/30000  loss 0.0314  step 250.5 ms
  eval @ step   29000  macro_mae 2.9338  val_mae 2.9338  pred_std 1.553  solve: d1=1.00 d10=0.64 d11=0.50 d12=0.36 d13=0.28 d2=1.00 d3=1.00 d4=1.00 d5=1.00 d6=0.96 d7=0.92 d8=0.72 d9=0.68
step   29100/30000  loss 0.0296  step 254.1 ms
step   29200/30000  loss 0.0323  step 244.6 ms
step   29300/30000  loss 0.0291  step 243.3 ms
step   29400/30000  loss 0.0287  step 243.3 ms
step   29500/30000  loss 0.0295  step 244.2 ms
step   29600/30000  loss 0.0276  step 245.2 ms
step   29700/30000  loss 0.0286  step 244.9 ms
step   29800/30000  loss 0.0262  step 253.4 ms
step   29900/30000  loss 0.0257  step 245.2 ms
step   30000/30000  loss 0.0244  step 245.6 ms
  eval @ step   30000  macro_mae 2.8692  val_mae 2.8692  pred_std 1.681  solve: d1=1.00 d10=0.58 d11=0.44 d12=0.36 d13=0.24 d2=1.00 d3=1.00 d4=1.00 d5=1.00 d6=0.94 d7=0.90 d8=0.78 d9=0.64

final macro_mae: 2.8692
final val_mae:   2.8692
final solve:     d1=1.00 d10=0.58 d11=0.36 d12=0.42 d13=0.44 d2=1.00 d3=1.00 d4=1.00 d5=1.00 d6=0.96 d7=0.84 d8=0.72 d9=0.58
done. metrics:   experiments/davi-2x2/runs/kmax28_warm-30k/metrics.jsonl
