run dir:                experiments/davi-2x2/davi-baseline/runs/baseline-continue-sync500-7k
device:                 mps
params:                 13.21M
body_widths:            (4096, 1024)
n_residual_blocks:      4
normalization:          bn
batch_size:             4096
max_scramble_depth:     18
target_sync_interval:   500
learning_rate:          0.001
n_steps:                7000
eval_set:               experiments/davi-2x2/eval_set.npz (1400 states)
resumed from:           experiments/davi-2x2/davi-baseline/runs/baseline-30k/net_final.pt (mode=weights-only, prior_step=0)

step     100/7000  loss 0.0276  step 226.6 ms
step     200/7000  loss 0.0236  step 221.4 ms
step     300/7000  loss 0.0255  step 222.6 ms
step     400/7000  loss 0.0233  step 223.4 ms
step     500/7000  loss 0.0249  step 221.5 ms
step     600/7000  loss 0.0309  step 222.1 ms
step     700/7000  loss 0.0284  step 224.7 ms
step     800/7000  loss 0.0252  step 222.0 ms
step     900/7000  loss 0.0258  step 223.1 ms
step    1000/7000  loss 0.0262  step 221.5 ms
  eval @ step    1000  macro_mae 3.1614  val_mae 3.1614  pred_std 1.496  solve: d1=1.00 d11=0.42 d13=0.36 d3=1.00 d5=1.00 d7=0.76 d9=0.52
step    1100/7000  loss 0.0315  step 225.3 ms
step    1200/7000  loss 0.0298  step 224.0 ms
step    1300/7000  loss 0.0268  step 223.3 ms
step    1400/7000  loss 0.0266  step 220.3 ms
step    1500/7000  loss 0.0270  step 224.9 ms
step    1600/7000  loss 0.0437  step 224.9 ms
step    1700/7000  loss 0.0397  step 223.3 ms
step    1800/7000  loss 0.0364  step 223.8 ms
step    1900/7000  loss 0.0354  step 221.1 ms
step    2000/7000  loss 0.0361  step 221.1 ms
  eval @ step    2000  macro_mae 3.2707  val_mae 3.2707  pred_std 1.415  solve: d1=1.00 d11=0.34 d13=0.12 d3=0.96 d5=0.98 d7=0.72 d9=0.64
step    2100/7000  loss 0.0292  step 220.3 ms
step    2200/7000  loss 0.0260  step 220.1 ms
step    2300/7000  loss 0.0252  step 220.9 ms
step    2400/7000  loss 0.0252  step 223.6 ms
step    2500/7000  loss 0.0263  step 222.6 ms
step    2600/7000  loss 0.0234  step 221.3 ms
step    2700/7000  loss 0.0202  step 219.0 ms
step    2800/7000  loss 0.0212  step 220.9 ms
step    2900/7000  loss 0.0210  step 221.4 ms
step    3000/7000  loss 0.0188  step 219.3 ms
  eval @ step    3000  macro_mae 3.3094  val_mae 3.3094  pred_std 1.304  solve: d1=1.00 d11=0.30 d13=0.24 d3=1.00 d5=0.98 d7=0.76 d9=0.54
step    3100/7000  loss 0.0194  step 218.4 ms
step    3200/7000  loss 0.0175  step 218.4 ms
step    3300/7000  loss 0.0167  step 219.3 ms
step    3400/7000  loss 0.0170  step 218.1 ms
step    3500/7000  loss 0.0150  step 218.4 ms
step    3600/7000  loss 0.0269  step 220.2 ms
step    3700/7000  loss 0.0262  step 218.6 ms
step    3800/7000  loss 0.0230  step 217.8 ms
step    3900/7000  loss 0.0209  step 218.3 ms
step    4000/7000  loss 0.0213  step 218.8 ms
  eval @ step    4000  macro_mae 3.2055  val_mae 3.2055  pred_std 1.364  solve: d1=1.00 d11=0.38 d13=0.32 d3=1.00 d5=0.98 d7=0.84 d9=0.54
step    4100/7000  loss 0.0268  step 218.6 ms
step    4200/7000  loss 0.0234  step 218.6 ms
step    4300/7000  loss 0.0235  step 219.7 ms
step    4400/7000  loss 0.0233  step 218.2 ms
step    4500/7000  loss 0.0220  step 218.2 ms
step    4600/7000  loss 0.0287  step 218.3 ms
step    4700/7000  loss 0.0281  step 218.4 ms
step    4800/7000  loss 0.0258  step 218.4 ms
step    4900/7000  loss 0.0253  step 218.6 ms
step    5000/7000  loss 0.0251  step 217.9 ms
  eval @ step    5000  macro_mae 3.2284  val_mae 3.2284  pred_std 1.334  solve: d1=1.00 d11=0.30 d13=0.18 d3=1.00 d5=0.98 d7=0.78 d9=0.38
step    5100/7000  loss 0.0222  step 218.4 ms
step    5200/7000  loss 0.0212  step 218.1 ms
step    5300/7000  loss 0.0181  step 218.5 ms
step    5400/7000  loss 0.0196  step 218.2 ms
step    5500/7000  loss 0.0195  step 218.1 ms
step    5600/7000  loss 0.0183  step 218.0 ms
step    5700/7000  loss 0.0180  step 218.6 ms
step    5800/7000  loss 0.0185  step 218.0 ms
step    5900/7000  loss 0.0176  step 218.2 ms
step    6000/7000  loss 0.0184  step 219.2 ms
  eval @ step    6000  macro_mae 3.2224  val_mae 3.2224  pred_std 1.310  solve: d1=1.00 d11=0.40 d13=0.34 d3=1.00 d5=1.00 d7=0.72 d9=0.64
step    6100/7000  loss 0.0180  step 218.1 ms
step    6200/7000  loss 0.0186  step 218.4 ms
step    6300/7000  loss 0.0187  step 217.7 ms
step    6400/7000  loss 0.0189  step 218.0 ms
step    6500/7000  loss 0.0185  step 218.3 ms
step    6600/7000  loss 0.0189  step 218.7 ms
step    6700/7000  loss 0.0184  step 219.3 ms
step    6800/7000  loss 0.0187  step 218.6 ms
step    6900/7000  loss 0.0178  step 218.5 ms
step    7000/7000  loss 0.0171  step 219.2 ms
  eval @ step    7000  macro_mae 3.1571  val_mae 3.1571  pred_std 1.360  solve: d1=1.00 d11=0.28 d13=0.26 d3=1.00 d5=1.00 d7=0.84 d9=0.46

final macro_mae: 3.1571
final val_mae:   3.1571
final solve:     d1=1.00 d11=0.36 d13=0.22 d3=1.00 d5=1.00 d7=0.78 d9=0.58
done. metrics:   experiments/davi-2x2/davi-baseline/runs/baseline-continue-sync500-7k/metrics.jsonl
